[15-August-2024 3:14:44 UTC] SLP Avalon Error : dashboard
[15-August-2024 3:19:36 UTC] SLP Avalon Error : options-reading
[15-August-2024 3:19:52 UTC] SLP Avalon Error : options-reading
[20-August-2024 9:55:00 UTC] SLP Avalon Error : dashboard
[20-August-2024 9:55:10 UTC] SLP Avalon Error : options-reading
[22-August-2024 11:05:08 UTC] SLP Avalon Error : dashboard
[22-August-2024 11:05:29 UTC] SLP Avalon Error : options-reading
[22-August-2024 11:05:35 UTC] SLP Avalon Error : options-general
[22-August-2024 11:05:44 UTC] SLP Avalon Error : options-general
[22-August-2024 11:06:13 UTC] SLP Avalon Error : toplevel_page_elementor
[22-August-2024 11:19:37 UTC] SLP Avalon Error : appearance_page_hello-theme-settings
[22-August-2024 7:04:21 UTC] SLP Avalon Error : post
[22-August-2024 7:04:39 UTC] SLP Avalon Error : dashboard
[23-August-2024 12:41:18 UTC] SLP Avalon Error : dashboard
[23-August-2024 12:41:34 UTC] SLP Avalon Error : nav-menus
[23-August-2024 12:41:50 UTC] SLP Avalon Error : nav-menus
[23-August-2024 12:44:00 UTC] SLP Avalon Error : nav-menus
[23-August-2024 12:48:59 UTC] SLP Avalon Error : nav-menus
[23-August-2024 12:49:27 UTC] SLP Avalon Error : nav-menus
[23-August-2024 12:49:28 UTC] SLP Avalon Error : nav-menus
[23-August-2024 12:52:14 UTC] SLP Avalon Error : nav-menus
[23-August-2024 7:13:00 UTC] SLP Avalon Error : dashboard
[23-August-2024 7:13:06 UTC] SLP Avalon Error : toplevel_page_elementor
[23-August-2024 7:13:45 UTC] SLP Avalon Error : toplevel_page_elementor
[26-August-2024 1:07:59 UTC] SLP Avalon Error : dashboard
[26-August-2024 1:16:46 UTC] SLP Avalon Error : post
[26-August-2024 1:20:42 UTC] SLP Avalon Error : post
[26-August-2024 1:22:39 UTC] SLP Avalon Error : post
[26-August-2024 1:45:32 UTC] SLP Avalon Error : post
[26-August-2024 3:17:41 UTC] SLP Avalon Error : post
[26-August-2024 3:18:23 UTC] SLP Avalon Error : upload
[27-August-2024 10:50:43 UTC] SLP Avalon Error : dashboard
[27-August-2024 10:50:47 UTC] SLP Avalon Error : upload
[27-August-2024 10:50:50 UTC] SLP Avalon Error : upload
[27-August-2024 1:03:35 UTC] SLP Avalon Error : media
[27-August-2024 1:04:10 UTC] SLP Avalon Error : upload
[27-August-2024 1:21:08 UTC] SLP Avalon Error : dashboard
[27-August-2024 1:21:13 UTC] SLP Avalon Error : upload
[27-August-2024 1:21:17 UTC] SLP Avalon Error : media
[27-August-2024 2:26:54 UTC] SLP Avalon Error : dashboard
[27-August-2024 2:27:04 UTC] SLP Avalon Error : nav-menus
[27-August-2024 2:27:26 UTC] SLP Avalon Error : nav-menus
[27-August-2024 2:27:55 UTC] SLP Avalon Error : nav-menus
[27-August-2024 2:32:57 UTC] SLP Avalon Error : dashboard
[27-August-2024 2:33:00 UTC] SLP Avalon Error : upload
[27-August-2024 2:33:04 UTC] SLP Avalon Error : media
[27-August-2024 4:04:15 UTC] SLP Avalon Error : dashboard
[27-August-2024 4:04:33 UTC] SLP Avalon Error : post
[27-August-2024 4:19:54 UTC] SLP Avalon Error : dashboard
[27-August-2024 4:20:06 UTC] SLP Avalon Error : nav-menus
[27-August-2024 4:20:19 UTC] SLP Avalon Error : nav-menus
[27-August-2024 6:48:01 UTC] SLP Avalon Error : dashboard
[27-August-2024 6:48:09 UTC] SLP Avalon Error : upload
[27-August-2024 6:48:23 UTC] SLP Avalon Error : media
[28-August-2024 2:00:30 UTC] SLP Avalon Error : dashboard
[28-August-2024 2:35:54 UTC] SLP Avalon Error : edit
[28-August-2024 5:23:42 UTC] SLP Avalon Error : edit
[28-August-2024 5:25:36 UTC] SLP Avalon Error : edit
[28-August-2024 5:25:54 UTC] SLP Avalon Error : edit
[28-August-2024 5:26:15 UTC] SLP Avalon Error : edit
[28-August-2024 5:26:21 UTC] SLP Avalon Error : edit
[28-August-2024 5:30:11 UTC] SLP Avalon Error : nextgen-gallery_page_ngg_addgallery
[28-August-2024 5:30:11 UTC] SLP Avalon Error : nextgen-gallery_page_nggallery-manage-album
[28-August-2024 5:30:11 UTC] SLP Avalon Error : nextgen-gallery_page_nggallery-manage-gallery
[28-August-2024 5:30:34 UTC] SLP Avalon Error : nextgen-gallery_page_ngg_addgallery
[28-August-2024 5:30:34 UTC] SLP Avalon Error : nextgen-gallery_page_nggallery-manage-gallery
[28-August-2024 5:30:34 UTC] SLP Avalon Error : nextgen-gallery_page_nggallery-manage-album
[28-August-2024 5:32:09 UTC] SLP Avalon Error : nextgen-gallery_page_nggallery-manage-gallery
[28-August-2024 5:32:19 UTC] SLP Avalon Error : nextgen-gallery_page_nggallery-manage-gallery
[28-August-2024 6:08:13 UTC] SLP Avalon Error : nextgen-gallery_page_nggallery-manage-gallery
[28-August-2024 6:08:19 UTC] SLP Avalon Error : nextgen-gallery_page_nggallery-manage-gallery
[28-August-2024 6:08:27 UTC] SLP Avalon Error : nextgen-gallery_page_ngg_display_settings
[28-August-2024 6:14:23 UTC] SLP Avalon Error : dashboard
[28-August-2024 6:14:52 UTC] SLP Avalon Error : store-locator-plus_page_slp_manage_locations
[28-August-2024 6:17:44 UTC] SLP Avalon Error : store-locator-plus_page_slp_manage_locations
[29-August-2024 12:43:55 UTC] SLP Avalon Error : dashboard
[29-August-2024 12:44:08 UTC] SLP Avalon Error : store-locator-plus_page_slp_manage_locations
[29-August-2024 12:44:46 UTC] SLP Avalon Error : store-locator-plus_page_slp_manage_locations
[29-August-2024 12:46:47 UTC] SLP Avalon Error : store-locator-plus_page_slp_manage_locations
[29-August-2024 12:46:53 UTC] SLP Avalon Error : store-locator-plus_page_slp_manage_locations
[29-August-2024 12:47:08 UTC] SLP Avalon Error : store-locator-plus_page_slp_manage_locations
[29-August-2024 1:51:04 UTC] SLP Avalon Error : dashboard
[29-August-2024 1:59:25 UTC] SLP Avalon Error : store-locator-plus_page_slp_manage_locations
[29-August-2024 1:59:31 UTC] SLP Avalon Error : store-locator-plus_page_slp_experience
[29-August-2024 3:19:59 UTC] SLP Avalon Error : store-locator-plus_page_slp_manage_locations
[29-August-2024 3:20:34 UTC] SLP Avalon Error : store-locator-plus_page_slp_manage_locations
[29-August-2024 3:43:18 UTC] SLP Avalon Error : store-locator-plus_page_slp_manage_locations
[29-August-2024 3:43:48 UTC] SLP Avalon Error : store-locator-plus_page_slp_manage_locations
[29-August-2024 3:44:56 UTC] SLP Avalon Error : store-locator-plus_page_slp_manage_locations
[29-August-2024 3:45:21 UTC] SLP Avalon Error : store-locator-plus_page_slp_manage_locations
[29-August-2024 3:45:35 UTC] SLP Avalon Error : store-locator-plus_page_slp_manage_locations
[29-August-2024 3:45:39 UTC] SLP Avalon Error : store-locator-plus_page_slp_manage_locations
[29-August-2024 3:45:44 UTC] SLP Avalon Error : store-locator-plus_page_slp_manage_locations
[29-August-2024 3:46:27 UTC] SLP Avalon Error : store-locator-plus_page_slp_manage_locations
[29-August-2024 3:46:31 UTC] SLP Avalon Error : store-locator-plus_page_slp_manage_locations
[29-August-2024 3:46:34 UTC] SLP Avalon Error : store-locator-plus_page_slp_manage_locations
[29-August-2024 3:46:37 UTC] SLP Avalon Error : store-locator-plus_page_slp_manage_locations
[29-August-2024 3:46:52 UTC] SLP Avalon Error : store-locator-plus_page_slp_manage_locations
[29-August-2024 3:46:55 UTC] SLP Avalon Error : store-locator-plus_page_slp_manage_locations
[29-August-2024 3:47:49 UTC] SLP Avalon Error : store-locator-plus_page_slp_manage_locations
[29-August-2024 3:47:53 UTC] SLP Avalon Error : store-locator-plus_page_slp_manage_locations
[29-August-2024 3:47:56 UTC] SLP Avalon Error : store-locator-plus_page_slp_manage_locations
[29-August-2024 3:48:08 UTC] SLP Avalon Error : store-locator-plus_page_slp_manage_locations
[29-August-2024 3:48:50 UTC] SLP Avalon Error : store-locator-plus_page_slp_manage_locations
[29-August-2024 3:48:54 UTC] SLP Avalon Error : store-locator-plus_page_slp_manage_locations
[29-August-2024 3:48:56 UTC] SLP Avalon Error : store-locator-plus_page_slp_manage_locations
[29-August-2024 3:49:45 UTC] SLP Avalon Error : store-locator-plus_page_slp_manage_locations
[29-August-2024 3:51:00 UTC] SLP Avalon Error : store-locator-plus_page_slp_manage_locations
[29-August-2024 3:51:16 UTC] SLP Avalon Error : store-locator-plus_page_slp_manage_locations
[29-August-2024 3:51:40 UTC] SLP Avalon Error : store-locator-plus_page_slp_manage_locations
[29-August-2024 3:52:39 UTC] SLP Avalon Error : store-locator-plus_page_slp_manage_locations
[29-August-2024 3:55:24 UTC] SLP Avalon Error : store-locator-plus_page_slp_manage_locations
[29-August-2024 3:55:28 UTC] SLP Avalon Error : store-locator-plus_page_slp_manage_locations
[29-August-2024 3:56:46 UTC] SLP Avalon Error : store-locator-plus_page_slp_manage_locations
[29-August-2024 3:56:54 UTC] SLP Avalon Error : store-locator-plus_page_slp_manage_locations
[29-August-2024 3:57:00 UTC] SLP Avalon Error : store-locator-plus_page_slp_manage_locations
[29-August-2024 6:53:03 UTC] SLP Avalon Error : dashboard
[29-August-2024 7:01:35 UTC] SLP Avalon Error : dashboard
[29-August-2024 7:03:27 UTC] SLP Avalon Error : dashboard
[29-August-2024 7:03:36 UTC] SLP Avalon Error : nav-menus
[29-August-2024 7:03:46 UTC] SLP Avalon Error : nav-menus
[29-August-2024 7:03:59 UTC] SLP Avalon Error : upload
[29-August-2024 7:05:03 UTC] SLP Avalon Error : media
[29-August-2024 7:09:43 UTC] SLP Avalon Error : dashboard
[29-August-2024 7:12:50 UTC] SLP Avalon Error : post
[29-August-2024 7:13:20 UTC] SLP Avalon Error : edit-tags
[29-August-2024 7:14:14 UTC] SLP Avalon Error : edit-tags
[29-August-2024 7:18:55 UTC] SLP Avalon Error : post
[30-August-2024 8:22:59 UTC] SLP Avalon Error : dashboard
[30-August-2024 8:23:11 UTC] SLP Avalon Error : upload
[30-August-2024 8:26:33 UTC] SLP Avalon Error : dashboard
[30-August-2024 8:26:39 UTC] SLP Avalon Error : settings_page_wprocket
[30-August-2024 8:26:50 UTC] SLP Avalon Error : toplevel_page_gf_edit_forms
[30-August-2024 8:26:57 UTC] SLP Avalon Error : forms_page_gf_settings
[30-August-2024 8:27:00 UTC] SLP Avalon Error : forms_page_gf_settings
[30-August-2024 8:27:15 UTC] SLP Avalon Error : forms_page_gf_settings
[30-August-2024 8:32:05 UTC] SLP Avalon Error : dashboard
[30-August-2024 8:32:14 UTC] SLP Avalon Error : mega-menu_page_maxmegamenu_theme_editor
[30-August-2024 8:36:40 UTC] SLP Avalon Error : dashboard
[30-August-2024 9:01:58 UTC] SLP Avalon Error : dashboard
[30-August-2024 9:02:18 UTC] SLP Avalon Error : edit
[30-August-2024 9:03:06 UTC] SLP Avalon Error : edit
[30-August-2024 9:03:22 UTC] SLP Avalon Error : edit
[30-August-2024 9:04:41 UTC] SLP Avalon Error : edit
[30-August-2024 9:05:44 UTC] SLP Avalon Error : edit
[30-August-2024 10:32:55 UTC] SLP Avalon Error : toplevel_page_gf_edit_forms
[30-August-2024 10:33:29 UTC] SLP Avalon Error : toplevel_page_gf_edit_forms
[30-August-2024 10:33:39 UTC] SLP Avalon Error : toplevel_page_gf_edit_forms
[30-August-2024 10:40:47 UTC] SLP Avalon Error : dashboard
[30-August-2024 10:41:08 UTC] SLP Avalon Error : edit
[30-August-2024 10:41:29 UTC] SLP Avalon Error : edit
[30-August-2024 10:41:47 UTC] SLP Avalon Error : edit
[30-August-2024 1:04:56 UTC] SLP Avalon Error : dashboard
[30-August-2024 1:05:06 UTC] SLP Avalon Error : store-locator-plus_page_slp_manage_locations
[30-August-2024 1:16:04 UTC] SLP Avalon Error : store-locator-plus_page_slp_manage_locations
[30-August-2024 9:24:45 UTC] SLP Avalon Error : dashboard
[30-August-2024 9:25:10 UTC] SLP Avalon Error : about
[30-August-2024 9:28:06 UTC] SLP Avalon Error : dashboard
[31-August-2024 12:23:09 UTC] SLP Avalon Error : dashboard
[31-August-2024 12:23:39 UTC] SLP Avalon Error : dashboard
[14-May-2025 5:07:27 UTC] SLP Avalon Error : dashboard
[14-May-2025 5:07:33 UTC] SLP Avalon Error : toplevel_page_gf_edit_forms
[14-May-2025 5:07:38 UTC] SLP Avalon Error : forms_page_gf_entries
[14-May-2025 5:08:12 UTC] SLP Avalon Error : forms_page_gf_entries
[14-May-2025 5:08:23 UTC] SLP Avalon Error : forms_page_gf_entries
[14-January-2026 8:44:34 UTC] SLP Avalon Error : dashboard
[14-January-2026 8:44:42 UTC] SLP Avalon Error : users
[14-January-2026 8:44:45 UTC] SLP Avalon Error : users
[14-January-2026 8:44:51 UTC] SLP Avalon Error : users
[14-January-2026 8:44:52 UTC] SLP Avalon Error : users
[14-January-2026 8:44:56 UTC] SLP Avalon Error : users
[14-January-2026 8:44:58 UTC] SLP Avalon Error : users
[14-January-2026 8:45:01 UTC] SLP Avalon Error : users
[14-January-2026 8:45:04 UTC] SLP Avalon Error : users
[14-January-2026 8:45:06 UTC] SLP Avalon Error : users
[14-January-2026 8:45:08 UTC] SLP Avalon Error : users
[14-January-2026 8:45:17 UTC] SLP Avalon Error : users
[14-January-2026 8:45:19 UTC] SLP Avalon Error : users
[14-January-2026 8:45:26 UTC] SLP Avalon Error : users
[14-January-2026 8:45:28 UTC] SLP Avalon Error : user
[14-January-2026 8:45:48 UTC] SLP Avalon Error : users
[14-January-2026 8:49:11 UTC] SLP Avalon Error : dashboard
[15-January-2026 10:01:28 UTC] SLP Avalon Error : plugins
[15-January-2026 10:10:06 UTC] SLP Avalon Error : plugins
[15-January-2026 10:12:44 UTC] SLP Avalon Error : plugins
[15-January-2026 10:14:22 UTC] SLP Avalon Error : plugins
[15-January-2026 10:14:55 UTC] SLP Avalon Error : plugins
[15-January-2026 10:19:22 UTC] SLP Avalon Error : plugins
[15-January-2026 10:28:58 UTC] SLP Avalon Error : plugins
[15-January-2026 10:30:04 UTC] SLP Avalon Error : plugins
[16-January-2026 12:07:58 UTC] SLP Avalon Error : plugins
[16-January-2026 12:08:16 UTC] SLP Avalon Error : update-core
[16-January-2026 12:08:23 UTC] SLP Avalon Error : update-core
[16-January-2026 12:08:35 UTC] SLP Avalon Error : about
[16-January-2026 12:08:44 UTC] SLP Avalon Error : update-core
[16-January-2026 12:09:05 UTC] SLP Avalon Error : plugins
[16-January-2026 12:09:50 UTC] SLP Avalon Error : themes
[16-January-2026 12:11:43 UTC] SLP Avalon Error : update-core
[16-January-2026 9:49:58 UTC] SLP Avalon Error : dashboard
[16-January-2026 9:50:05 UTC] SLP Avalon Error : update-core
[19-January-2026 7:59:12 UTC] SLP Avalon Error : dashboard
[19-January-2026 8:04:48 UTC] SLP Avalon Error : toplevel_page_gf_edit_forms
[19-January-2026 8:06:01 UTC] SLP Avalon Error : toplevel_page_gf_edit_forms
[19-January-2026 8:21:06 UTC] SLP Avalon Error : dashboard
[19-January-2026 8:21:41 UTC] SLP Avalon Error : toplevel_page_gf_edit_forms
[19-January-2026 8:21:46 UTC] SLP Avalon Error : toplevel_page_gf_edit_forms
[19-January-2026 8:25:24 UTC] SLP Avalon Error : toplevel_page_gf_edit_forms
[19-January-2026 10:49:49 UTC] SLP Avalon Error : upload
[19-January-2026 10:58:59 UTC] SLP Avalon Error : toplevel_page_wpengine-common
[19-January-2026 10:59:10 UTC] SLP Avalon Error : toplevel_page_gf_edit_forms
[19-January-2026 11:00:08 UTC] SLP Avalon Error : plugins
[19-January-2026 11:00:56 UTC] SLP Avalon Error : plugins
[19-January-2026 11:01:54 UTC] SLP Avalon Error : plugins
[19-January-2026 11:07:05 UTC] SLP Avalon Error : toplevel_page_gf_edit_forms
[19-January-2026 11:13:06 UTC] SLP Avalon Error : toplevel_page_gf_edit_forms
[19-January-2026 11:13:52 UTC] SLP Avalon Error : toplevel_page_gf_edit_forms
[19-January-2026 11:13:54 UTC] SLP Avalon Error : toplevel_page_gf_edit_forms
[19-January-2026 11:14:00 UTC] SLP Avalon Error : toplevel_page_gf_edit_forms
[19-January-2026 11:14:10 UTC] SLP Avalon Error : toplevel_page_gf_edit_forms
[19-January-2026 11:14:13 UTC] SLP Avalon Error : toplevel_page_gf_edit_forms
[19-January-2026 11:14:36 UTC] SLP Avalon Error : toplevel_page_gf_edit_forms
[19-January-2026 11:14:39 UTC] SLP Avalon Error : toplevel_page_gf_edit_forms
[19-January-2026 11:16:10 UTC] SLP Avalon Error : toplevel_page_gf_edit_forms
[19-January-2026 11:16:12 UTC] SLP Avalon Error : toplevel_page_gf_edit_forms
[19-January-2026 11:16:21 UTC] SLP Avalon Error : toplevel_page_gf_edit_forms
[19-January-2026 11:16:44 UTC] SLP Avalon Error : toplevel_page_gf_edit_forms
[19-January-2026 11:37:41 UTC] SLP Avalon Error : toplevel_page_wpengine-common
[19-January-2026 11:40:12 UTC] SLP Avalon Error : toplevel_page_wpengine-common
[19-January-2026 11:40:38 UTC] SLP Avalon Error : toplevel_page_wpengine-common
[19-January-2026 11:45:15 UTC] SLP Avalon Error : toplevel_page_wpengine-common
[19-January-2026 11:50:43 UTC] SLP Avalon Error : toplevel_page_wpengine-common
[19-January-2026 11:59:53 UTC] SLP Avalon Error : toplevel_page_wpengine-common
[20-January-2026 12:01:31 UTC] SLP Avalon Error : toplevel_page_wpengine-common
[20-January-2026 12:02:16 UTC] SLP Avalon Error : toplevel_page_wpengine-common
[20-January-2026 12:02:58 UTC] SLP Avalon Error : toplevel_page_wpengine-common
[20-January-2026 12:05:15 UTC] SLP Avalon Error : toplevel_page_wpengine-common
[20-January-2026 12:06:04 UTC] SLP Avalon Error : toplevel_page_wpengine-common
[20-January-2026 2:39:22 UTC] SLP Avalon Error : toplevel_page_wpengine-common
[20-January-2026 2:41:53 UTC] SLP Avalon Error : toplevel_page_wpengine-common
[20-January-2026 2:43:11 UTC] SLP Avalon Error : toplevel_page_wpengine-common
[20-January-2026 2:45:13 UTC] SLP Avalon Error : toplevel_page_wpengine-common
[20-January-2026 2:46:07 UTC] SLP Avalon Error : toplevel_page_wpengine-common
[20-January-2026 10:00:02 UTC] SLP Avalon Error : toplevel_page_gf_edit_forms
[20-January-2026 10:00:06 UTC] SLP Avalon Error : toplevel_page_gf_edit_forms
[20-January-2026 10:00:11 UTC] SLP Avalon Error : toplevel_page_gf_edit_forms
[21-January-2026 4:52:25 UTC] SLP Avalon Error : plugins
[21-January-2026 4:53:01 UTC] SLP Avalon Error : toplevel_page_gf_edit_forms
[21-January-2026 4:53:10 UTC] SLP Avalon Error : toplevel_page_gf_edit_forms
[21-January-2026 4:53:16 UTC] SLP Avalon Error : toplevel_page_gf_edit_forms
[8-February-2026 8:15:51 UTC] SLP Avalon Error : dashboard
[8-February-2026 8:16:01 UTC] SLP Avalon Error : update-core
[8-February-2026 8:23:42 UTC] SLP Avalon Error : plugins
[8-February-2026 8:35:32 UTC] SLP Avalon Error : update-core
[8-February-2026 8:35:42 UTC] SLP Avalon Error : update-core
[8-February-2026 8:35:43 UTC] SLP Avalon Error : update
[8-February-2026 8:35:50 UTC] SLP Avalon Error : update-core
[8-February-2026 8:35:59 UTC] SLP Avalon Error : update-core
[8-February-2026 8:35:59 UTC] SLP Avalon Error : update
[8-February-2026 8:36:06 UTC] SLP Avalon Error : update-core
[8-February-2026 8:39:59 UTC] SLP Avalon Error : dashboard
[8-February-2026 8:40:06 UTC] SLP Avalon Error : update-core
[8-February-2026 8:40:17 UTC] SLP Avalon Error : update-core
[8-February-2026 8:40:24 UTC] SLP Avalon Error : about
[9-February-2026 1:21:37 UTC] SLP Avalon Error : toplevel_page_gf_edit_forms
[9-February-2026 1:45:20 UTC] SLP Avalon Error : toplevel_page_wpengine-common
[9-February-2026 1:46:24 UTC] SLP Avalon Error : plugins
[9-February-2026 2:07:41 UTC] SLP Avalon Error : toplevel_page_wpcf7
[9-February-2026 2:07:50 UTC] SLP Avalon Error : toplevel_page_wpcf7
[9-February-2026 2:08:01 UTC] SLP Avalon Error : toplevel_page_wpcf7
[9-February-2026 10:50:45 UTC] SLP Avalon Error : toplevel_page_wpcf7
[10-February-2026 2:20:41 UTC] SLP Avalon Error : dashboard
[10-February-2026 2:20:47 UTC] SLP Avalon Error : toplevel_page_wpcf7
[10-February-2026 2:20:58 UTC] SLP Avalon Error : toplevel_page_gf_edit_forms
[10-February-2026 2:21:17 UTC] SLP Avalon Error : toplevel_page_gf_edit_forms
[10-February-2026 4:01:13 UTC] SLP Avalon Error : toplevel_page_wpengine-common
[10-February-2026 4:11:04 UTC] SLP Avalon Error : toplevel_page_wpengine-common
[10-February-2026 4:36:18 UTC] SLP Avalon Error : toplevel_page_wpengine-common
[10-February-2026 4:37:53 UTC] SLP Avalon Error : toplevel_page_wpengine-common
[10-February-2026 4:46:44 UTC] SLP Avalon Error : toplevel_page_wpengine-common
[10-February-2026 3:50:01 UTC] SLP Avalon Error : toplevel_page_wpengine-common
[10-February-2026 3:50:10 UTC] SLP Avalon Error : update-core
[10-February-2026 3:50:31 UTC] SLP Avalon Error : update-core
[13-February-2026 9:10:43 UTC] SLP Avalon Error : store-locator-plus_page_slp_manage_locations
[15-February-2026 12:48:41 UTC] SLP Avalon Error : store-locator-plus_page_slp_manage_locations
[15-February-2026 12:49:05 UTC] SLP Avalon Error : plugins
[15-February-2026 12:54:28 UTC] SLP Avalon Error : store-locator-plus_page_slp_experience
[15-February-2026 12:54:36 UTC] SLP Avalon Error : store-locator-plus_page_slp_general
[15-February-2026 12:54:43 UTC] SLP Avalon Error : edit-tags
[15-February-2026 12:54:48 UTC] SLP Avalon Error : store_page_page_to-interface-store_page
[15-February-2026 12:54:59 UTC] SLP Avalon Error : store-locator-plus_page_slp-pages
[15-February-2026 12:55:09 UTC] SLP Avalon Error : store-locator-plus_page_slp_manage_locations
[15-February-2026 12:58:52 UTC] SLP Avalon Error : dashboard
[15-February-2026 12:59:10 UTC] SLP Avalon Error : store-locator-plus_page_slp_manage_locations
[15-February-2026 12:59:31 UTC] SLP Avalon Error : edit
[15-February-2026 12:59:50 UTC] SLP Avalon Error : edit-tags
[15-February-2026 12:59:53 UTC] SLP Avalon Error : store_page_page_to-interface-store_page
[15-February-2026 1:00:26 UTC] SLP Avalon Error : edit
[15-February-2026 1:00:49 UTC] SLP Avalon Error : store-locator-plus_page_slp_manage_locations
[15-February-2026 1:01:54 UTC] SLP Avalon Error : edit
[15-February-2026 1:02:15 UTC] SLP Avalon Error : edit
[15-February-2026 1:02:46 UTC] SLP Avalon Error : edit
[15-February-2026 1:02:59 UTC] SLP Avalon Error : upload
[15-February-2026 1:03:21 UTC] SLP Avalon Error : edit
[15-February-2026 1:03:36 UTC] SLP Avalon Error : store-locator-plus_page_slp_manage_locations
[15-February-2026 1:04:55 UTC] SLP Avalon Error : edit
[15-February-2026 1:05:01 UTC] SLP Avalon Error : store-locator-plus_page_slp_manage_locations
[15-February-2026 1:05:46 UTC] SLP Avalon Error : store-locator-plus_page_slp_experience
[15-February-2026 1:06:20 UTC] SLP Avalon Error : store-locator-plus_page_slp_general
[15-February-2026 1:07:26 UTC] SLP Avalon Error : edit
[15-February-2026 1:11:29 UTC] SLP Avalon Error : store-locator-plus_page_slp_manage_locations
[15-February-2026 1:12:55 UTC] SLP Avalon Error : store-locator-plus_page_slp_manage_locations
[15-February-2026 1:16:44 UTC] SLP Avalon Error : edit
[15-February-2026 1:17:07 UTC] SLP Avalon Error : store-locator-plus_page_slp_manage_locations
[15-February-2026 1:27:04 UTC] SLP Avalon Error : store-locator-plus_page_slp_manage_locations
[15-February-2026 1:27:42 UTC] SLP Avalon Error : upload
[15-February-2026 1:33:13 UTC] SLP Avalon Error : store-locator-plus_page_slp_manage_locations
[15-February-2026 1:33:27 UTC] SLP Avalon Error : store-locator-plus_page_slp_manage_locations
[15-February-2026 1:35:34 UTC] SLP Avalon Error : store-locator-plus_page_slp_manage_locations
[15-February-2026 1:39:00 UTC] SLP Avalon Error : store-locator-plus_page_slp_manage_locations
[15-February-2026 1:53:23 UTC] SLP Avalon Error : store-locator-plus_page_slp_manage_locations
[15-February-2026 1:57:05 UTC] SLP Avalon Error : store-locator-plus_page_slp_manage_locations
[15-February-2026 1:57:23 UTC] SLP Avalon Error : store-locator-plus_page_slp_manage_locations
[15-February-2026 1:57:44 UTC] SLP Avalon Error : store-locator-plus_page_slp_manage_locations
[15-February-2026 1:59:35 UTC] SLP Avalon Error : store-locator-plus_page_slp_manage_locations
[15-February-2026 4:11:27 UTC] SLP Avalon Error : plugins
[15-February-2026 4:53:44 UTC] SLP Avalon Error : plugins
[15-February-2026 5:03:12 UTC] SLP Avalon Error : plugins
[15-February-2026 5:03:45 UTC] SLP Avalon Error : plugin-install
[15-February-2026 5:04:41 UTC] SLP Avalon Error : plugins
[15-February-2026 5:04:48 UTC] SLP Avalon Error : toplevel_page_ai1wm_export
[15-February-2026 5:09:56 UTC] SLP Avalon Error : toplevel_page_ai1wm_export
[15-February-2026 5:12:07 UTC] SLP Avalon Error : all-in-one-wp-migration_page_ai1wm_backups
[23-February-2026 6:53:03 UTC] SLP Avalon Error : dashboard
[23-February-2026 6:57:48 UTC] SLP Avalon Error : toplevel_page_gf_edit_forms
[23-February-2026 6:58:33 UTC] SLP Avalon Error : toplevel_page_gf_edit_forms
[23-February-2026 7:44:34 UTC] SLP Avalon Error : toplevel_page_wpengine-common
[23-February-2026 10:59:13 UTC] SLP Avalon Error : dashboard
[23-February-2026 10:59:17 UTC] SLP Avalon Error : update-core
[23-February-2026 10:59:25 UTC] SLP Avalon Error : plugins
[23-February-2026 11:04:37 UTC] SLP Avalon Error : plugins
[23-February-2026 11:05:50 UTC] SLP Avalon Error : plugins
[23-February-2026 11:08:35 UTC] SLP Avalon Error : toplevel_page_ai1wm_export
[23-February-2026 11:12:06 UTC] SLP Avalon Error : toplevel_page_ai1wm_export
[23-February-2026 11:12:34 UTC] SLP Avalon Error : all-in-one-wp-migration_page_ai1wm_backups
[24-February-2026 2:31:57 UTC] SLP Avalon Error : all-in-one-wp-migration_page_ai1wm_backups
[24-February-2026 2:32:13 UTC] SLP Avalon Error : toplevel_page_gf_edit_forms
[24-February-2026 2:32:20 UTC] SLP Avalon Error : toplevel_page_gf_edit_forms
[24-February-2026 2:32:49 UTC] SLP Avalon Error : toplevel_page_wpengine-common
[24-February-2026 2:48:39 UTC] SLP Avalon Error : toplevel_page_gf_edit_forms
[24-February-2026 2:49:01 UTC] SLP Avalon Error : toplevel_page_gf_edit_forms
[24-February-2026 2:50:15 UTC] SLP Avalon Error : plugins
[26-February-2026 5:11:21 UTC] SLP Avalon Error : dashboard
[26-February-2026 5:11:29 UTC] SLP Avalon Error : update-core
[26-February-2026 5:11:52 UTC] SLP Avalon Error : toplevel_page_gf_edit_forms
[26-February-2026 5:12:05 UTC] SLP Avalon Error : toplevel_page_gf_edit_forms
[6-March-2026 3:17:09 UTC] SLP Avalon Error : dashboard
[6-March-2026 3:17:31 UTC] SLP Avalon Error : update-core
[6-March-2026 3:17:46 UTC] SLP Avalon Error : update-core
[6-March-2026 3:17:49 UTC] SLP Avalon Error : update-core
[6-March-2026 3:18:06 UTC] SLP Avalon Error : update-core
[6-March-2026 3:21:36 UTC] SLP Avalon Error : plugins
[6-March-2026 3:25:49 UTC] SLP Avalon Error : plugins
[6-March-2026 3:25:55 UTC] SLP Avalon Error : plugins
[6-March-2026 3:26:41 UTC] SLP Avalon Error : plugins
[6-March-2026 3:26:54 UTC] SLP Avalon Error : plugins
[6-March-2026 3:27:01 UTC] SLP Avalon Error : dashboard
[6-March-2026 3:27:07 UTC] SLP Avalon Error : update-core
[6-March-2026 3:34:33 UTC] SLP Avalon Error : toplevel_page_gf_edit_forms
[6-March-2026 3:34:49 UTC] SLP Avalon Error : toplevel_page_gf_edit_forms
[6-March-2026 4:31:28 UTC] SLP Avalon Error : dashboard
[6-March-2026 4:31:37 UTC] SLP Avalon Error : settings_page_wprocket
[6-March-2026 4:31:45 UTC] SLP Avalon Error : settings_page_wprocket
[6-March-2026 4:31:50 UTC] SLP Avalon Error : settings_page_wprocket
[6-March-2026 4:32:50 UTC] SLP Avalon Error : toplevel_page_wpengine-common
[6-March-2026 6:56:47 UTC] SLP Avalon Error : settings_page_wprocket
[6-March-2026 6:56:53 UTC] SLP Avalon Error : settings_page_wprocket
[6-March-2026 6:58:30 UTC] SLP Avalon Error : toplevel_page_wpengine-common
[6-March-2026 7:16:44 UTC] SLP Avalon Error : toplevel_page_wpengine-common
[6-March-2026 7:16:52 UTC] SLP Avalon Error : settings_page_wprocket
[6-March-2026 7:19:39 UTC] SLP Avalon Error : toplevel_page_wpengine-common
[6-March-2026 7:19:43 UTC] SLP Avalon Error : settings_page_wprocket
[6-March-2026 7:21:01 UTC] SLP Avalon Error : settings_page_wprocket
[6-March-2026 7:21:23 UTC] SLP Avalon Error : settings_page_wprocket
[6-March-2026 7:22:02 UTC] SLP Avalon Error : settings_page_wprocket
[6-March-2026 7:22:09 UTC] SLP Avalon Error : settings_page_wprocket
[6-March-2026 7:25:00 UTC] SLP Avalon Error : settings_page_wprocket
[6-March-2026 7:25:04 UTC] SLP Avalon Error : settings_page_wprocket
[6-March-2026 7:26:36 UTC] SLP Avalon Error : settings_page_wprocket
[6-March-2026 7:26:41 UTC] SLP Avalon Error : settings_page_wprocket
[6-March-2026 7:27:15 UTC] SLP Avalon Error : settings_page_wprocket
[6-March-2026 7:27:21 UTC] SLP Avalon Error : settings_page_wprocket
[6-March-2026 7:27:57 UTC] SLP Avalon Error : toplevel_page_wpengine-common
[6-March-2026 9:35:17 UTC] SLP Avalon Error : toplevel_page_wpengine-common
[6-March-2026 9:35:26 UTC] SLP Avalon Error : settings_page_wprocket
[6-March-2026 10:00:33 UTC] SLP Avalon Error : settings_page_wprocket
[6-March-2026 11:26:20 UTC] SLP Avalon Error : toplevel_page_wpengine-common
[6-March-2026 11:26:34 UTC] SLP Avalon Error : settings_page_wprocket
[6-March-2026 11:26:42 UTC] SLP Avalon Error : settings_page_wprocket
[6-March-2026 11:34:27 UTC] SLP Avalon Error : toplevel_page_gf_edit_forms
[6-March-2026 11:34:35 UTC] SLP Avalon Error : toplevel_page_gf_edit_forms
[6-March-2026 11:35:14 UTC] SLP Avalon Error : toplevel_page_gf_edit_forms
[6-March-2026 11:35:38 UTC] SLP Avalon Error : toplevel_page_gf_edit_forms
[6-March-2026 11:35:44 UTC] SLP Avalon Error : toplevel_page_gf_edit_forms
[6-March-2026 11:35:52 UTC] SLP Avalon Error : toplevel_page_gf_edit_forms
[6-March-2026 11:35:57 UTC] SLP Avalon Error : toplevel_page_gf_edit_forms
[7-March-2026 1:49:34 UTC] SLP Avalon Error : toplevel_page_gf_edit_forms
[7-March-2026 1:49:39 UTC] SLP Avalon Error : toplevel_page_gf_edit_forms
[9-March-2026 3:27:55 UTC] SLP Avalon Error : dashboard
[9-March-2026 3:27:59 UTC] SLP Avalon Error : update-core
[9-March-2026 3:28:20 UTC] SLP Avalon Error : dashboard
[9-March-2026 3:28:24 UTC] SLP Avalon Error : plugins
[9-March-2026 3:30:37 UTC] SLP Avalon Error : toplevel_page_wpengine-common
[9-March-2026 3:30:53 UTC] SLP Avalon Error : plugins
[10-March-2026 4:19:37 UTC] SLP Avalon Error : dashboard
[10-March-2026 4:20:39 UTC] SLP Avalon Error : update-core
[10-March-2026 4:20:49 UTC] SLP Avalon Error : plugins
[10-March-2026 5:31:36 UTC] SLP Avalon Error : toplevel_page_gf_edit_forms
[10-March-2026 5:32:11 UTC] SLP Avalon Error : toplevel_page_gf_edit_forms
[10-March-2026 5:32:44 UTC] SLP Avalon Error : toplevel_page_gf_edit_forms
[11-March-2026 2:48:54 UTC] SLP Avalon Error : post
[11-March-2026 3:34:01 UTC] SLP Avalon Error : toplevel_page_wpengine-common
[11-March-2026 3:35:09 UTC] SLP Avalon Error : toplevel_page_wpengine-common
[11-March-2026 3:40:01 UTC] SLP Avalon Error : toplevel_page_wpengine-common
[11-March-2026 3:41:55 UTC] SLP Avalon Error : toplevel_page_wpengine-common
[11-March-2026 3:50:39 UTC] SLP Avalon Error : toplevel_page_wpengine-common
[11-March-2026 3:50:50 UTC] SLP Avalon Error : plugins
[11-March-2026 3:51:24 UTC] SLP Avalon Error : toplevel_page_wpengine-common
[11-March-2026 3:51:32 UTC] SLP Avalon Error : plugins
[11-March-2026 5:51:37 UTC] SLP Avalon Error : toplevel_page_wpengine-common
[11-March-2026 5:51:45 UTC] SLP Avalon Error : plugins
[11-March-2026 5:55:34 UTC] SLP Avalon Error : toplevel_page_wpengine-common
[11-March-2026 5:55:43 UTC] SLP Avalon Error : toplevel_page_wpengine-common
[11-March-2026 5:55:47 UTC] SLP Avalon Error : plugins
[11-March-2026 5:55:53 UTC] SLP Avalon Error : plugins
[11-March-2026 6:03:10 UTC] SLP Avalon Error : toplevel_page_wpengine-common
[11-March-2026 6:03:17 UTC] SLP Avalon Error : plugins
[11-March-2026 6:05:05 UTC] SLP Avalon Error : toplevel_page_wpengine-common
[11-March-2026 6:05:11 UTC] SLP Avalon Error : plugins
[11-March-2026 6:09:29 UTC] SLP Avalon Error : toplevel_page_wpengine-common
[11-March-2026 6:09:36 UTC] SLP Avalon Error : plugins
[11-March-2026 6:15:19 UTC] SLP Avalon Error : post
[11-March-2026 6:21:29 UTC] SLP Avalon Error : post
[12-March-2026 2:20:35 UTC] SLP Avalon Error : post
[12-March-2026 2:21:21 UTC] SLP Avalon Error : post
[12-March-2026 2:21:23 UTC] SLP Avalon Error : post
[12-March-2026 2:28:02 UTC] SLP Avalon Error : dashboard
[12-March-2026 2:28:15 UTC] SLP Avalon Error : update-core
[12-March-2026 2:28:21 UTC] SLP Avalon Error : plugins
[12-March-2026 2:30:02 UTC] SLP Avalon Error : update-core
[12-March-2026 2:30:36 UTC] SLP Avalon Error : update-core
[12-March-2026 2:30:44 UTC] SLP Avalon Error : about
[12-March-2026 2:52:52 UTC] SLP Avalon Error : dashboard
[12-March-2026 2:56:38 UTC] SLP Avalon Error : dashboard
[12-March-2026 2:56:44 UTC] SLP Avalon Error : update-core
[12-March-2026 2:56:59 UTC] SLP Avalon Error : toplevel_page_wpengine-common
[12-March-2026 2:57:11 UTC] SLP Avalon Error : dashboard
[12-March-2026 2:57:16 UTC] SLP Avalon Error : dashboard
[12-March-2026 2:57:22 UTC] SLP Avalon Error : dashboard
[12-March-2026 3:05:04 UTC] SLP Avalon Error : post
[12-March-2026 3:17:25 UTC] SLP Avalon Error : plugins
[12-March-2026 3:17:40 UTC] SLP Avalon Error : plugin-install
[12-March-2026 3:24:25 UTC] SLP Avalon Error : toplevel_page_gf_edit_forms
[12-March-2026 3:24:33 UTC] SLP Avalon Error : toplevel_page_gf_edit_forms
[12-March-2026 5:49:05 UTC] SLP Avalon Error : plugin-install
[12-March-2026 5:50:41 UTC] SLP Avalon Error : toplevel_page_wpengine-common
[12-March-2026 6:02:10 UTC] SLP Avalon Error : toplevel_page_wpengine-common
[12-March-2026 6:06:34 UTC] SLP Avalon Error : toplevel_page_wpengine-common
[12-March-2026 6:06:47 UTC] SLP Avalon Error : plugin-install
[12-March-2026 6:26:35 UTC] SLP Avalon Error : toplevel_page_wpengine-common
[12-March-2026 6:29:53 UTC] SLP Avalon Error : toplevel_page_wpengine-common
[12-March-2026 6:36:52 UTC] SLP Avalon Error : toplevel_page_wpengine-common
[12-March-2026 6:38:27 UTC] SLP Avalon Error : toplevel_page_wpengine-common
[12-March-2026 6:39:17 UTC] SLP Avalon Error : toplevel_page_wpengine-common
[12-March-2026 6:39:58 UTC] SLP Avalon Error : toplevel_page_wpengine-common
[12-March-2026 6:40:34 UTC] SLP Avalon Error : toplevel_page_wpengine-common
[12-March-2026 6:42:10 UTC] SLP Avalon Error : toplevel_page_wpengine-common
[12-March-2026 6:42:57 UTC] SLP Avalon Error : toplevel_page_wpengine-common
[12-March-2026 8:33:07 UTC] SLP Avalon Error : toplevel_page_wpengine-common
[12-March-2026 8:33:21 UTC] SLP Avalon Error : plugin-install
[12-March-2026 8:33:22 UTC] SLP Avalon Error : toplevel_page_gf_edit_forms
[12-March-2026 10:28:29 UTC] SLP Avalon Error : dashboard
[12-March-2026 10:29:08 UTC] SLP Avalon Error : update-core
[12-March-2026 10:41:09 UTC] SLP Avalon Error : toplevel_page_wpengine-common
[12-March-2026 10:41:13 UTC] SLP Avalon Error : dashboard
[12-March-2026 10:41:21 UTC] SLP Avalon Error : dashboard
[12-March-2026 10:43:33 UTC] SLP Avalon Error : toplevel_page_wpengine-common
[12-March-2026 10:43:41 UTC] SLP Avalon Error : dashboard
[12-March-2026 10:44:56 UTC] SLP Avalon Error : toplevel_page_wpengine-common
[12-March-2026 10:45:02 UTC] SLP Avalon Error : dashboard
[12-March-2026 10:51:43 UTC] SLP Avalon Error : toplevel_page_wpengine-common
[12-March-2026 10:51:50 UTC] SLP Avalon Error : dashboard
[12-March-2026 11:08:42 UTC] SLP Avalon Error : toplevel_page_wpengine-common
[12-March-2026 11:08:50 UTC] SLP Avalon Error : dashboard
[12-March-2026 11:16:05 UTC] SLP Avalon Error : toplevel_page_wpengine-common
[12-March-2026 11:16:16 UTC] SLP Avalon Error : dashboard
[12-March-2026 11:23:43 UTC] SLP Avalon Error : toplevel_page_gf_edit_forms
[12-March-2026 11:23:46 UTC] SLP Avalon Error : toplevel_page_gf_edit_forms
[12-March-2026 11:26:03 UTC] SLP Avalon Error : toplevel_page_wpengine-common
[12-March-2026 11:26:08 UTC] SLP Avalon Error : dashboard
[12-March-2026 11:30:56 UTC] SLP Avalon Error : toplevel_page_wpengine-common
[12-March-2026 11:31:01 UTC] SLP Avalon Error : dashboard
[12-March-2026 11:31:06 UTC] SLP Avalon Error : dashboard
[12-March-2026 11:36:27 UTC] SLP Avalon Error : toplevel_page_wpengine-common
[12-March-2026 11:36:35 UTC] SLP Avalon Error : toplevel_page_gf_edit_forms
[12-March-2026 11:36:39 UTC] SLP Avalon Error : toplevel_page_gf_edit_forms
[12-March-2026 11:37:02 UTC] SLP Avalon Error : dashboard
[13-March-2026 2:52:36 UTC] SLP Avalon Error : toplevel_page_wpengine-common
[13-March-2026 2:52:44 UTC] SLP Avalon Error : dashboard
[13-March-2026 3:01:32 UTC] SLP Avalon Error : toplevel_page_wpengine-common
[13-March-2026 3:01:56 UTC] SLP Avalon Error : dashboard
[13-March-2026 3:03:33 UTC] SLP Avalon Error : toplevel_page_wpengine-common
[13-March-2026 3:03:40 UTC] SLP Avalon Error : toplevel_page_wpengine-common
[13-March-2026 3:03:42 UTC] SLP Avalon Error : dashboard
[13-March-2026 3:03:48 UTC] SLP Avalon Error : dashboard
[13-March-2026 3:14:52 UTC] SLP Avalon Error : toplevel_page_wpengine-common
[13-March-2026 3:14:57 UTC] SLP Avalon Error : dashboard
[13-March-2026 3:17:54 UTC] SLP Avalon Error : toplevel_page_wpengine-common
[13-March-2026 3:17:59 UTC] SLP Avalon Error : dashboard
[13-March-2026 3:24:59 UTC] SLP Avalon Error : toplevel_page_wpengine-common
[13-March-2026 3:25:04 UTC] SLP Avalon Error : dashboard
[13-March-2026 8:52:43 UTC] SLP Avalon Error : dashboard
[13-March-2026 8:52:56 UTC] SLP Avalon Error : toplevel_page_wpengine-common
[13-March-2026 9:20:36 UTC] SLP Avalon Error : toplevel_page_wpengine-common
[13-March-2026 9:20:42 UTC] SLP Avalon Error : toplevel_page_wpengine-common
[13-March-2026 9:20:44 UTC] SLP Avalon Error : dashboard
[13-March-2026 9:20:51 UTC] SLP Avalon Error : dashboard
[13-March-2026 9:21:28 UTC] SLP Avalon Error : toplevel_page_wpengine-common
[13-March-2026 9:21:38 UTC] SLP Avalon Error : dashboard
[13-March-2026 9:25:31 UTC] SLP Avalon Error : toplevel_page_wpengine-common
[13-March-2026 9:25:50 UTC] SLP Avalon Error : dashboard
[13-March-2026 9:44:05 UTC] SLP Avalon Error : toplevel_page_wpengine-common
[13-March-2026 9:44:17 UTC] SLP Avalon Error : dashboard
[14-March-2026 3:36:12 UTC] SLP Avalon Error : toplevel_page_wpengine-common
[14-March-2026 3:36:26 UTC] SLP Avalon Error : dashboard
[14-March-2026 3:44:06 UTC] SLP Avalon Error : toplevel_page_wpengine-common
[14-March-2026 3:44:11 UTC] SLP Avalon Error : dashboard
[14-March-2026 3:50:20 UTC] SLP Avalon Error : toplevel_page_wpengine-common
[14-March-2026 3:50:26 UTC] SLP Avalon Error : dashboard
[14-March-2026 3:53:48 UTC] SLP Avalon Error : toplevel_page_gf_edit_forms
[14-March-2026 3:53:54 UTC] SLP Avalon Error : toplevel_page_gf_edit_forms
[14-March-2026 3:55:25 UTC] SLP Avalon Error : toplevel_page_wpengine-common
[14-March-2026 3:55:34 UTC] SLP Avalon Error : dashboard
[14-March-2026 3:59:06 UTC] SLP Avalon Error : toplevel_page_wpengine-common
[14-March-2026 3:59:11 UTC] SLP Avalon Error : dashboard
[14-March-2026 4:30:46 UTC] SLP Avalon Error : toplevel_page_wpengine-common
[14-March-2026 4:30:53 UTC] SLP Avalon Error : dashboard
[14-March-2026 4:45:55 UTC] SLP Avalon Error : plugins
[14-March-2026 4:46:18 UTC] SLP Avalon Error : update-core
[14-March-2026 8:42:57 UTC] SLP Avalon Error : toplevel_page_wpengine-common
[14-March-2026 8:43:05 UTC] SLP Avalon Error : dashboard
[14-March-2026 8:51:28 UTC] SLP Avalon Error : toplevel_page_wpengine-common
[14-March-2026 8:51:37 UTC] SLP Avalon Error : dashboard
[14-March-2026 8:54:31 UTC] SLP Avalon Error : toplevel_page_wpengine-common
[14-March-2026 8:54:45 UTC] SLP Avalon Error : dashboard
[14-March-2026 8:58:57 UTC] SLP Avalon Error : toplevel_page_wpengine-common
[14-March-2026 8:58:58 UTC] SLP Avalon Error : settings_page_wprocket
[14-March-2026 8:59:01 UTC] SLP Avalon Error : dashboard
[14-March-2026 9:07:49 UTC] SLP Avalon Error : toplevel_page_wpengine-common
[14-March-2026 9:07:57 UTC] SLP Avalon Error : dashboard
[14-March-2026 9:11:18 UTC] SLP Avalon Error : toplevel_page_wpengine-common
[14-March-2026 9:11:24 UTC] SLP Avalon Error : dashboard
[14-March-2026 9:15:29 UTC] SLP Avalon Error : toplevel_page_wpengine-common
[14-March-2026 9:15:40 UTC] SLP Avalon Error : dashboard
[14-March-2026 9:18:17 UTC] SLP Avalon Error : toplevel_page_wpengine-common
[14-March-2026 9:18:22 UTC] SLP Avalon Error : dashboard
[14-March-2026 9:22:04 UTC] SLP Avalon Error : toplevel_page_wpengine-common
[14-March-2026 9:22:12 UTC] SLP Avalon Error : dashboard
[14-March-2026 9:26:58 UTC] SLP Avalon Error : toplevel_page_wpengine-common
[14-March-2026 9:27:14 UTC] SLP Avalon Error : dashboard
[14-March-2026 9:31:38 UTC] SLP Avalon Error : toplevel_page_wpengine-common
[14-March-2026 9:31:42 UTC] SLP Avalon Error : toplevel_page_wpengine-common
[14-March-2026 9:31:44 UTC] SLP Avalon Error : dashboard
[14-March-2026 9:31:49 UTC] SLP Avalon Error : dashboard
[14-March-2026 9:32:54 UTC] SLP Avalon Error : toplevel_page_wpengine-common
[14-March-2026 9:33:03 UTC] SLP Avalon Error : dashboard
[14-March-2026 9:34:59 UTC] SLP Avalon Error : toplevel_page_wpengine-common
[14-March-2026 9:35:05 UTC] SLP Avalon Error : dashboard
[14-March-2026 9:37:13 UTC] SLP Avalon Error : toplevel_page_wpengine-common
[14-March-2026 9:37:21 UTC] SLP Avalon Error : dashboard
[14-March-2026 9:40:37 UTC] SLP Avalon Error : toplevel_page_wpengine-common
[14-March-2026 9:40:45 UTC] SLP Avalon Error : dashboard
[14-March-2026 9:48:45 UTC] SLP Avalon Error : toplevel_page_wpengine-common
[14-March-2026 9:48:50 UTC] SLP Avalon Error : dashboard
[14-March-2026 9:53:19 UTC] SLP Avalon Error : toplevel_page_wpengine-common
[14-March-2026 9:53:25 UTC] SLP Avalon Error : dashboard
[14-March-2026 9:56:06 UTC] SLP Avalon Error : toplevel_page_wpengine-common
[14-March-2026 9:56:11 UTC] SLP Avalon Error : dashboard
[16-March-2026 3:13:35 UTC] SLP Avalon Error : toplevel_page_wpengine-common
[16-March-2026 3:13:44 UTC] SLP Avalon Error : toplevel_page_wpengine-common
[16-March-2026 3:13:53 UTC] SLP Avalon Error : dashboard
[16-March-2026 3:13:59 UTC] SLP Avalon Error : dashboard
[16-March-2026 3:19:37 UTC] SLP Avalon Error : toplevel_page_wpengine-common
[16-March-2026 3:19:42 UTC] SLP Avalon Error : dashboard
[16-March-2026 3:22:19 UTC] SLP Avalon Error : toplevel_page_wpengine-common
[16-March-2026 3:22:25 UTC] SLP Avalon Error : dashboard
[16-March-2026 6:12:20 UTC] SLP Avalon Error : update-core
[16-March-2026 6:22:00 UTC] SLP Avalon Error : toplevel_page_wpengine-common
[16-March-2026 6:22:16 UTC] SLP Avalon Error : update-core
[16-March-2026 6:24:11 UTC] SLP Avalon Error : toplevel_page_wpengine-common
[16-March-2026 6:24:21 UTC] SLP Avalon Error : update-core
[16-March-2026 6:24:26 UTC] SLP Avalon Error : update-core
[16-March-2026 6:27:13 UTC] SLP Avalon Error : toplevel_page_wpengine-common
[16-March-2026 6:27:29 UTC] SLP Avalon Error : update-core
[16-March-2026 6:27:33 UTC] SLP Avalon Error : update-core
[16-March-2026 6:29:15 UTC] SLP Avalon Error : plugins
[16-March-2026 5:29:54 UTC] SLP Avalon Error : store-locator-plus_page_slp_manage_locations
[16-March-2026 5:30:10 UTC] SLP Avalon Error : upload
[17-March-2026 2:21:24 UTC] SLP Avalon Error : options-reading
[17-March-2026 2:21:30 UTC] SLP Avalon Error : options-reading
[17-March-2026 7:29:17 UTC] SLP Avalon Error : dashboard
[17-March-2026 7:30:11 UTC] SLP Avalon Error : dashboard
[17-March-2026 7:30:18 UTC] SLP Avalon Error : toplevel_page_wpengine-common
[17-March-2026 7:30:26 UTC] SLP Avalon Error : dashboard
[17-March-2026 7:30:31 UTC] SLP Avalon Error : dashboard
[19-March-2026 2:23:15 UTC] SLP Avalon Error : dashboard
[19-March-2026 2:23:26 UTC] SLP Avalon Error : update-core
[19-March-2026 2:24:20 UTC] SLP Avalon Error : toplevel_page_gf_edit_forms
[19-March-2026 2:24:24 UTC] SLP Avalon Error : toplevel_page_gf_edit_forms
[19-March-2026 2:34:59 UTC] SLP Avalon Error : forms_page_gf_settings
[19-March-2026 2:35:09 UTC] SLP Avalon Error : toplevel_page_gf_edit_forms
[19-March-2026 2:35:19 UTC] SLP Avalon Error : toplevel_page_gf_edit_forms
[19-March-2026 2:36:10 UTC] SLP Avalon Error : forms_page_gf_export
[19-March-2026 2:51:24 UTC] SLP Avalon Error : toplevel_page_gf_edit_forms
[19-March-2026 2:58:35 UTC] SLP Avalon Error : toplevel_page_wpengine-common
[19-March-2026 3:00:19 UTC] SLP Avalon Error : toplevel_page_gf_edit_forms
[19-March-2026 5:51:58 UTC] SLP Avalon Error : update-core
[19-March-2026 5:52:07 UTC] SLP Avalon Error : plugins
[19-March-2026 5:55:58 UTC] SLP Avalon Error : plugins
[19-March-2026 5:56:30 UTC] SLP Avalon Error : dashboard
[19-March-2026 5:56:36 UTC] SLP Avalon Error : update-core
[19-March-2026 5:57:04 UTC] SLP Avalon Error : update-core
[19-March-2026 5:57:05 UTC] SLP Avalon Error : update
[19-March-2026 10:08:12 UTC] SLP Avalon Error : dashboard
[19-March-2026 10:08:19 UTC] SLP Avalon Error : update-core
[19-March-2026 10:08:30 UTC] SLP Avalon Error : plugins
[19-March-2026 10:09:09 UTC] SLP Avalon Error : dashboard
[19-March-2026 10:10:33 UTC] SLP Avalon Error : toplevel_page_wpengine-common
[19-March-2026 10:12:11 UTC] SLP Avalon Error : toplevel_page_wpengine-common
[19-March-2026 11:19:03 UTC] SLP Avalon Error : settings_page_wprocket
[19-March-2026 11:19:45 UTC] SLP Avalon Error : settings_page_wprocket
[23-March-2026 6:00:48 UTC] SLP Avalon Error : dashboard
[23-March-2026 6:01:26 UTC] SLP Avalon Error : plugins
[24-March-2026 5:41:37 UTC] SLP Avalon Error : edit
[24-March-2026 5:42:03 UTC] SLP Avalon Error : edit
[24-March-2026 6:01:09 UTC] SLP Avalon Error : dashboard
[24-March-2026 6:01:37 UTC] SLP Avalon Error : update-core
[24-March-2026 6:02:08 UTC] SLP Avalon Error : edit
[25-March-2026 2:04:04 UTC] SLP Avalon Error : toplevel_page_gf_edit_forms
[25-March-2026 2:04:18 UTC] SLP Avalon Error : toplevel_page_gf_edit_forms
[25-March-2026 2:04:44 UTC] SLP Avalon Error : dashboard
[25-March-2026 2:04:51 UTC] SLP Avalon Error : update-core
[25-March-2026 2:07:25 UTC] SLP Avalon Error : plugins
[25-March-2026 2:08:55 UTC] SLP Avalon Error : dashboard
[25-March-2026 2:09:29 UTC] SLP Avalon Error : toplevel_page_gf_edit_forms
[25-March-2026 2:09:35 UTC] SLP Avalon Error : toplevel_page_gf_edit_forms
[25-March-2026 2:10:24 UTC] SLP Avalon Error : plugins
[25-March-2026 7:22:39 UTC] SLP Avalon Error : dashboard
[25-March-2026 7:22:57 UTC] SLP Avalon Error : plugins
[25-March-2026 7:23:07 UTC] SLP Avalon Error : toplevel_page_gf_edit_forms
[25-March-2026 7:23:22 UTC] SLP Avalon Error : toplevel_page_gf_edit_forms
[27-March-2026 4:58:06 UTC] SLP Avalon Error : dashboard
[27-March-2026 4:58:35 UTC] SLP Avalon Error : settings_page_wprocket
[27-March-2026 5:01:22 UTC] SLP Avalon Error : settings_page_wprocket
[27-March-2026 5:01:45 UTC] SLP Avalon Error : toplevel_page_wpengine-common
[27-March-2026 5:08:09 UTC] SLP Avalon Error : toplevel_page_wpengine-common
[27-March-2026 5:08:45 UTC] SLP Avalon Error : toplevel_page_wpengine-common
[27-March-2026 5:08:45 UTC] SLP Avalon Error : settings_page_wprocket
[27-March-2026 5:08:53 UTC] SLP Avalon Error : settings_page_wprocket
[27-March-2026 5:08:58 UTC] SLP Avalon Error : settings_page_wprocket
[29-March-2026 12:26:46 UTC] SLP Avalon Error : dashboard
[29-March-2026 12:26:49 UTC] SLP Avalon Error : dashboard
[29-March-2026 12:27:07 UTC] SLP Avalon Error : settings_page_wprocket
[29-March-2026 12:27:26 UTC] SLP Avalon Error : settings_page_wprocket
[29-March-2026 12:27:32 UTC] SLP Avalon Error : toplevel_page_wpengine-common
[29-March-2026 12:27:36 UTC] SLP Avalon Error : settings_page_wprocket
[29-March-2026 12:27:42 UTC] SLP Avalon Error : settings_page_wprocket
[29-March-2026 12:27:46 UTC] SLP Avalon Error : settings_page_wprocket
[29-March-2026 12:32:22 UTC] SLP Avalon Error : toplevel_page_wpengine-common
[29-March-2026 12:35:25 UTC] SLP Avalon Error : settings_page_wprocket
[29-March-2026 4:49:04 UTC] SLP Avalon Error : settings_page_wprocket
[31-March-2026 4:38:54 UTC] SLP Avalon Error : dashboard
[31-March-2026 4:39:10 UTC] SLP Avalon Error : dashboard
[31-March-2026 4:39:21 UTC] SLP Avalon Error : settings_page_wprocket
[31-March-2026 4:39:37 UTC] SLP Avalon Error : toplevel_page_wpengine-common
[31-March-2026 4:40:50 UTC] SLP Avalon Error : settings_page_wprocket
[31-March-2026 5:18:59 UTC] SLP Avalon Error : toplevel_page_wpengine-common
[31-March-2026 5:19:09 UTC] SLP Avalon Error : settings_page_wprocket
[31-March-2026 5:19:17 UTC] SLP Avalon Error : settings_page_wprocket
[31-March-2026 5:19:23 UTC] SLP Avalon Error : settings_page_wprocket
[31-March-2026 5:22:04 UTC] SLP Avalon Error : toplevel_page_wpengine-common
[31-March-2026 5:22:10 UTC] SLP Avalon Error : settings_page_wprocket
[31-March-2026 5:22:18 UTC] SLP Avalon Error : settings_page_wprocket
[31-March-2026 5:22:24 UTC] SLP Avalon Error : settings_page_wprocket
[31-March-2026 5:25:28 UTC] SLP Avalon Error : toplevel_page_wpengine-common
[31-March-2026 5:25:42 UTC] SLP Avalon Error : settings_page_wprocket
[31-March-2026 5:25:51 UTC] SLP Avalon Error : settings_page_wprocket
[31-March-2026 5:25:58 UTC] SLP Avalon Error : settings_page_wprocket
[4-April-2026 1:18:00 UTC] SLP Avalon Error : dashboard
[4-April-2026 1:18:15 UTC] SLP Avalon Error : update-core
[4-April-2026 1:18:29 UTC] SLP Avalon Error : plugins
[4-April-2026 1:27:27 UTC] SLP Avalon Error : plugins
[5-April-2026 10:03:31 UTC] SLP Avalon Error : dashboard
[6-April-2026 4:20:07 UTC] SLP Avalon Error : dashboard
[6-April-2026 4:20:13 UTC] SLP Avalon Error : update-core
[6-April-2026 4:23:58 UTC] SLP Avalon Error : store-locator-plus_page_slp_manage_locations
[6-April-2026 4:24:16 UTC] SLP Avalon Error : edit
[6-April-2026 4:24:40 UTC] SLP Avalon Error : post
[6-April-2026 4:25:04 UTC] SLP Avalon Error : edit-tags
[6-April-2026 4:25:06 UTC] SLP Avalon Error : store_page_page_to-interface-store_page
[6-April-2026 4:25:24 UTC] SLP Avalon Error : edit-tags
[6-April-2026 4:25:36 UTC] SLP Avalon Error : store-locator-plus_page_slp-pages
[6-April-2026 4:25:50 UTC] SLP Avalon Error : store-locator-plus_page_slp_info
[6-April-2026 4:26:43 UTC] SLP Avalon Error : store-locator-plus_page_slp_manage_locations
[6-April-2026 4:26:45 UTC] SLP Avalon Error : store-locator-plus_page_slp_experience
[6-April-2026 4:26:58 UTC] SLP Avalon Error : store-locator-plus_page_slp_manage_locations
[6-April-2026 4:31:10 UTC] SLP Avalon Error : plugins
